[root@dell02 xno-SRv6-23.02-1]# docker exec -ti edge2-control-plane ip a
1: lo: <LOOPBACK,UP,LOWER_UP> mtu 65536 qdisc noqueue state UNKNOWN group default qlen 1000
    link/loopback 00:00:00:00:00:00 brd 00:00:00:00:00:00
    inet 127.0.0.1/8 scope host lo
       valid_lft forever preferred_lft forever
    inet6 ::1/128 scope host
       valid_lft forever preferred_lft forever
6398: eth0@if6399: <BROADCAST,MULTICAST,UP,LOWER_UP> mtu 1500 qdisc noqueue state UP group default
    link/ether 02:42:ac:1b:00:07 brd ff:ff:ff:ff:ff:ff link-netnsid 0
    inet 172.27.0.7/16 brd 172.27.255.255 scope global eth0
       valid_lft forever preferred_lft forever
    inet6 fc00:f853:ccd:e793::7/64 scope global nodad
       valid_lft forever preferred_lft forever
    inet6 fe80::42:acff:fe1b:7/64 scope link
       valid_lft forever preferred_lft forever
[root@dell02 xno-SRv6-23.02-1]# docker exec -ti edge2-worker ip a
1: lo: <LOOPBACK,UP,LOWER_UP> mtu 65536 qdisc noqueue state UNKNOWN group default qlen 1000
    link/loopback 00:00:00:00:00:00 brd 00:00:00:00:00:00
    inet 127.0.0.1/8 scope host lo
       valid_lft forever preferred_lft forever
    inet6 ::1/128 scope host
       valid_lft forever preferred_lft forever
2: vethb5f35886@if2: <BROADCAST,MULTICAST,UP,LOWER_UP> mtu 1500 qdisc noqueue state UP group default
    link/ether c2:13:ca:cb:ed:e5 brd ff:ff:ff:ff:ff:ff link-netns cni-551b681c-d28f-82ab-1903-b3339bf9ab91
    inet 10.244.1.1/32 scope global vethb5f35886
       valid_lft forever preferred_lft forever
3: veth82e3bf0d@if2: <BROADCAST,MULTICAST,UP,LOWER_UP> mtu 1500 qdisc noqueue state UP group default
    link/ether 06:d1:5e:99:6f:4b brd ff:ff:ff:ff:ff:ff link-netns cni-08d3db08-fb98-d580-537a-257e9923ad50
    inet 10.244.1.1/32 scope global veth82e3bf0d
       valid_lft forever preferred_lft forever
4: vethf62502b4@if2: <BROADCAST,MULTICAST,UP,LOWER_UP> mtu 1500 qdisc noqueue state UP group default
    link/ether ea:d2:ad:ce:a9:af brd ff:ff:ff:ff:ff:ff link-netns cni-8ea0d2fb-a767-bc86-d520-8bc0865ccb11
    inet 10.244.1.1/32 scope global vethf62502b4
       valid_lft forever preferred_lft forever
5: veth944edbef@if2: <BROADCAST,MULTICAST,UP,LOWER_UP> mtu 1500 qdisc noqueue state UP group default
    link/ether 96:c6:a0:98:e3:7e brd ff:ff:ff:ff:ff:ff link-netns cni-77c99f7c-138f-131d-3866-db1b82c7214d
    inet 10.244.1.1/32 scope global veth944edbef
       valid_lft forever preferred_lft forever
6396: eth0@if6397: <BROADCAST,MULTICAST,UP,LOWER_UP> mtu 1500 qdisc noqueue state UP group default
    link/ether 02:42:ac:1b:00:06 brd ff:ff:ff:ff:ff:ff link-netnsid 0
    inet 172.27.0.6/16 brd 172.27.255.255 scope global eth0
       valid_lft forever preferred_lft forever
    inet6 fc00:f853:ccd:e793::6/64 scope global nodad
       valid_lft forever preferred_lft forever
    inet6 fe80::42:acff:fe1b:6/64 scope link
       valid_lft forever preferred_lft forever
[root@dell02 xno-SRv6-23.02-1]# docker exec -ti edge2-worker2 ip a
1: lo: <LOOPBACK,UP,LOWER_UP> mtu 65536 qdisc noqueue state UNKNOWN group default qlen 1000
    link/loopback 00:00:00:00:00:00 brd 00:00:00:00:00:00
    inet 127.0.0.1/8 scope host lo
       valid_lft forever preferred_lft forever
    inet6 ::1/128 scope host
       valid_lft forever preferred_lft forever
2: vethf09c0822@if2: <BROADCAST,MULTICAST,UP,LOWER_UP> mtu 1500 qdisc noqueue state UP group default
    link/ether 72:de:ea:82:b6:98 brd ff:ff:ff:ff:ff:ff link-netns cni-e2666505-8760-3ee0-4286-46c4a9a0a7f3
    inet 10.244.2.1/32 scope global vethf09c0822
       valid_lft forever preferred_lft forever
3: vetha6c8fe6f@if2: <BROADCAST,MULTICAST,UP,LOWER_UP> mtu 1500 qdisc noqueue state UP group default
    link/ether 5a:cf:13:24:05:0f brd ff:ff:ff:ff:ff:ff link-netns cni-9b5ff4b7-c33d-d8c2-0309-d9256b902257
    inet 10.244.2.1/32 scope global vetha6c8fe6f
       valid_lft forever preferred_lft forever
6394: eth0@if6395: <BROADCAST,MULTICAST,UP,LOWER_UP> mtu 1500 qdisc noqueue state UP group default
    link/ether 02:42:ac:1b:00:05 brd ff:ff:ff:ff:ff:ff link-netnsid 0
    inet 172.27.0.5/16 brd 172.27.255.255 scope global eth0
       valid_lft forever preferred_lft forever
    inet6 fc00:f853:ccd:e793::5/64 scope global nodad
       valid_lft forever preferred_lft forever
    inet6 fe80::42:acff:fe1b:5/64 scope link
       valid_lft forever preferred_lft forever
[root@dell02 xno-SRv6-23.02-1]# kubectl get nodes --context kind-edge2
NAME                  STATUS   ROLES                  AGE     VERSION
edge2-control-plane   Ready    control-plane,master   5m9s    v1.22.2
edge2-worker          Ready    <none>                 4m50s   v1.22.2
edge2-worker2         Ready    <none>                 4m50s   v1.22.2
[root@dell02 xno-SRv6-23.02-1]# kubectl get nodes -o wide--context kind-edge2
Error from server (NotFound): nodes "kind-edge2" not found
[root@dell02 xno-SRv6-23.02-1]# kubectl get nodes -o wide --context kind-edge2
NAME                  STATUS   ROLES                  AGE     VERSION   INTERNAL-IP   EXTERNAL-IP   OS-IMAGE       KERNEL-VERSION            CONTAINER-RUNTIME
edge2-control-plane   Ready    control-plane,master   5m19s   v1.22.2   172.27.0.7    <none>        Ubuntu 21.10   5.14.18-100.fc33.x86_64   containerd://1.5.7-13-g9d0acfe46
edge2-worker          Ready    <none>                 5m      v1.22.2   172.27.0.6    <none>        Ubuntu 21.10   5.14.18-100.fc33.x86_64   containerd://1.5.7-13-g9d0acfe46
edge2-worker2         Ready    <none>                 5m      v1.22.2   172.27.0.5    <none>        Ubuntu 21.10   5.14.18-100.fc33.x86_64   containerd://1.5.7-13-g9d0acfe46
[
    {
        "Name": "kind",
        "Id": "919fd543d0e2c37f91a96bc601b43bfce90cf741e38306fa456c9847e5e44f64",
        "Created": "2023-01-23T16:34:33.366326323-06:00",
        "Scope": "local",
        "Driver": "bridge",
        "EnableIPv6": true,
        "IPAM": {
            "Driver": "default",
            "Options": {},
            "Config": [
                {
                    "Subnet": "172.27.0.0/16",
                    "Gateway": "172.27.0.1"
                },
                {
                    "Subnet": "fc00:f853:ccd:e793::/64"
                }
            ]
        },
        "Internal": false,
        "Attachable": false,
        "Ingress": false,
        "ConfigFrom": {
            "Network": ""
        },
        "ConfigOnly": false,
        "Containers": {},
        "Options": {
            "com.docker.network.bridge.enable_ip_masquerade": "true",
            "com.docker.network.driver.mtu": "1500"
        },
        "Labels": {}
    }
]
